Archive member included to satisfy reference by file (symbol)

/opt/homebrew-cask/Caskroom/gcc-arm-embedded/5_4-2016q2,20160622/gcc-arm-none-eabi-5_4-2016q2/bin/../lib/gcc/arm-none-eabi/5.4.1/../../../../arm-none-eabi/lib/armv7e-m/fpu/libc_nano.a(lib_a-exit.o)
                              /opt/homebrew-cask/Caskroom/gcc-arm-embedded/5_4-2016q2,20160622/gcc-arm-none-eabi-5_4-2016q2/bin/../lib/gcc/arm-none-eabi/5.4.1/../../../../arm-none-eabi/lib/armv7e-m/fpu/crt0.o (exit)
/opt/homebrew-cask/Caskroom/gcc-arm-embedded/5_4-2016q2,20160622/gcc-arm-none-eabi-5_4-2016q2/bin/../lib/gcc/arm-none-eabi/5.4.1/../../../../arm-none-eabi/lib/armv7e-m/fpu/libc_nano.a(lib_a-impure.o)
                              /opt/homebrew-cask/Caskroom/gcc-arm-embedded/5_4-2016q2,20160622/gcc-arm-none-eabi-5_4-2016q2/bin/../lib/gcc/arm-none-eabi/5.4.1/../../../../arm-none-eabi/lib/armv7e-m/fpu/libc_nano.a(lib_a-exit.o) (_global_impure_ptr)
/opt/homebrew-cask/Caskroom/gcc-arm-embedded/5_4-2016q2,20160622/gcc-arm-none-eabi-5_4-2016q2/bin/../lib/gcc/arm-none-eabi/5.4.1/../../../../arm-none-eabi/lib/armv7e-m/fpu/libc_nano.a(lib_a-init.o)
                              /opt/homebrew-cask/Caskroom/gcc-arm-embedded/5_4-2016q2,20160622/gcc-arm-none-eabi-5_4-2016q2/bin/../lib/gcc/arm-none-eabi/5.4.1/../../../../arm-none-eabi/lib/armv7e-m/fpu/crt0.o (__libc_init_array)
/opt/homebrew-cask/Caskroom/gcc-arm-embedded/5_4-2016q2,20160622/gcc-arm-none-eabi-5_4-2016q2/bin/../lib/gcc/arm-none-eabi/5.4.1/../../../../arm-none-eabi/lib/armv7e-m/fpu/libc_nano.a(lib_a-memset.o)
                              /opt/homebrew-cask/Caskroom/gcc-arm-embedded/5_4-2016q2,20160622/gcc-arm-none-eabi-5_4-2016q2/bin/../lib/gcc/arm-none-eabi/5.4.1/../../../../arm-none-eabi/lib/armv7e-m/fpu/crt0.o (memset)
/opt/homebrew-cask/Caskroom/gcc-arm-embedded/5_4-2016q2,20160622/gcc-arm-none-eabi-5_4-2016q2/bin/../lib/gcc/arm-none-eabi/5.4.1/../../../../arm-none-eabi/lib/armv7e-m/fpu/libnosys.a(_exit.o)
                              /opt/homebrew-cask/Caskroom/gcc-arm-embedded/5_4-2016q2,20160622/gcc-arm-none-eabi-5_4-2016q2/bin/../lib/gcc/arm-none-eabi/5.4.1/../../../../arm-none-eabi/lib/armv7e-m/fpu/libc_nano.a(lib_a-exit.o) (_exit)

Discarded input sections

 .text          0x0000000000000000        0x0 /opt/homebrew-cask/Caskroom/gcc-arm-embedded/5_4-2016q2,20160622/gcc-arm-none-eabi-5_4-2016q2/bin/../lib/gcc/arm-none-eabi/5.4.1/armv7e-m/fpu/crti.o
 .data          0x0000000000000000        0x0 /opt/homebrew-cask/Caskroom/gcc-arm-embedded/5_4-2016q2,20160622/gcc-arm-none-eabi-5_4-2016q2/bin/../lib/gcc/arm-none-eabi/5.4.1/armv7e-m/fpu/crti.o
 .bss           0x0000000000000000        0x0 /opt/homebrew-cask/Caskroom/gcc-arm-embedded/5_4-2016q2,20160622/gcc-arm-none-eabi-5_4-2016q2/bin/../lib/gcc/arm-none-eabi/5.4.1/armv7e-m/fpu/crti.o
 .data          0x0000000000000000        0x4 /opt/homebrew-cask/Caskroom/gcc-arm-embedded/5_4-2016q2,20160622/gcc-arm-none-eabi-5_4-2016q2/bin/../lib/gcc/arm-none-eabi/5.4.1/armv7e-m/fpu/crtbegin.o
 .data          0x0000000000000000        0x0 /opt/homebrew-cask/Caskroom/gcc-arm-embedded/5_4-2016q2,20160622/gcc-arm-none-eabi-5_4-2016q2/bin/../lib/gcc/arm-none-eabi/5.4.1/../../../../arm-none-eabi/lib/armv7e-m/fpu/crt0.o
 .bss           0x0000000000000000        0x0 /opt/homebrew-cask/Caskroom/gcc-arm-embedded/5_4-2016q2,20160622/gcc-arm-none-eabi-5_4-2016q2/bin/../lib/gcc/arm-none-eabi/5.4.1/../../../../arm-none-eabi/lib/armv7e-m/fpu/crt0.o
 .ARM.extab     0x0000000000000000        0x0 /opt/homebrew-cask/Caskroom/gcc-arm-embedded/5_4-2016q2,20160622/gcc-arm-none-eabi-5_4-2016q2/bin/../lib/gcc/arm-none-eabi/5.4.1/../../../../arm-none-eabi/lib/armv7e-m/fpu/crt0.o
 .text          0x0000000000000000        0x0 /opt/homebrew-cask/Caskroom/gcc-arm-embedded/5_4-2016q2,20160622/gcc-arm-none-eabi-5_4-2016q2/bin/../lib/gcc/arm-none-eabi/5.4.1/../../../../arm-none-eabi/lib/armv7e-m/fpu/libc_nano.a(lib_a-exit.o)
 .data          0x0000000000000000        0x0 /opt/homebrew-cask/Caskroom/gcc-arm-embedded/5_4-2016q2,20160622/gcc-arm-none-eabi-5_4-2016q2/bin/../lib/gcc/arm-none-eabi/5.4.1/../../../../arm-none-eabi/lib/armv7e-m/fpu/libc_nano.a(lib_a-exit.o)
 .bss           0x0000000000000000        0x0 /opt/homebrew-cask/Caskroom/gcc-arm-embedded/5_4-2016q2,20160622/gcc-arm-none-eabi-5_4-2016q2/bin/../lib/gcc/arm-none-eabi/5.4.1/../../../../arm-none-eabi/lib/armv7e-m/fpu/libc_nano.a(lib_a-exit.o)
 .debug_frame   0x0000000000000000       0x28 /opt/homebrew-cask/Caskroom/gcc-arm-embedded/5_4-2016q2,20160622/gcc-arm-none-eabi-5_4-2016q2/bin/../lib/gcc/arm-none-eabi/5.4.1/../../../../arm-none-eabi/lib/armv7e-m/fpu/libc_nano.a(lib_a-exit.o)
 .text          0x0000000000000000        0x0 /opt/homebrew-cask/Caskroom/gcc-arm-embedded/5_4-2016q2,20160622/gcc-arm-none-eabi-5_4-2016q2/bin/../lib/gcc/arm-none-eabi/5.4.1/../../../../arm-none-eabi/lib/armv7e-m/fpu/libc_nano.a(lib_a-impure.o)
[...]
Memory Configuration

Name             Origin             Length             Attributes
FLASH            0x000000000001f000 0x0000000000061000 xr
RAM              0x00000000200013c8 0x000000000000ec38 xrw
*default*        0x0000000000000000 0xffffffffffffffff

Linker script and memory map


.text           0x000000000001f000     0x12c0
 *(.isr_vector)
 .isr_vector    0x000000000001f000      0x400 CMakeFiles/main.dir/usr/local/lib/nrfsdk/components/toolchain/gcc/gcc_startup_nrf52.S.o
                0x000000000001f000                __isr_vector
 *(.text*)
 .text          0x000000000001f400       0x5c /opt/homebrew-cask/Caskroom/gcc-arm-embedded/5_4-2016q2,20160622/gcc-arm-none-eabi-5_4-2016q2/bin/../lib/gcc/arm-none-eabi/5.4.1/armv7e-m/fpu/crtbegin.o
 .text          0x000000000001f45c       0x74 /opt/homebrew-cask/Caskroom/gcc-arm-embedded/5_4-2016q2,20160622/gcc-arm-none-eabi-5_4-2016q2/bin/../lib/gcc/arm-none-eabi/5.4.1/../../../../arm-none-eabi/lib/armv7e-m/fpu/crt0.o
                0x000000000001f45c                _mainCRTStartup
                0x000000000001f45c                _start
 .text.exit     0x000000000001f4d0       0x28 /opt/homebrew-cask/Caskroom/gcc-arm-embedded/5_4-2016q2,20160622/gcc-arm-none-eabi-5_4-2016q2/bin/../lib/gcc/arm-none-eabi/5.4.1/../../../../arm-none-eabi/lib/armv7e-m/fpu/libc_nano.a(lib_a-exit.o)
                0x000000000001f4d0                exit
 .text.__libc_init_array
                0x000000000001f4f8       0x4c /opt/homebrew-cask/Caskroom/gcc-arm-embedded/5_4-2016q2,20160622/gcc-arm-none-eabi-5_4-2016q2/bin/../lib/gcc/arm-none-eabi/5.4.1/../../../../arm-none-eabi/lib/armv7e-m/fpu/libc_nano.a(lib_a-init.o)
                0x000000000001f4f8                __libc_init_array
 .text.memset   0x000000000001f544       0x10 /opt/homebrew-cask/Caskroom/gcc-arm-embedded/5_4-2016q2,20160622/gcc-arm-none-eabi-5_4-2016q2/bin/../lib/gcc/arm-none-eabi/5.4.1/../../../../arm-none-eabi/lib/armv7e-m/fpu/libc_nano.a(lib_a-memset.o)
                0x000000000001f544                memset
 .text._exit    0x000000000001f554        0x4 /opt/homebrew-cask/Caskroom/gcc-arm-embedded/5_4-2016q2,20160622/gcc-arm-none-eabi-5_4-2016q2/bin/../lib/gcc/arm-none-eabi/5.4.1/../../../../arm-none-eabi/lib/armv7e-m/fpu/libnosys.a(_exit.o)
                0x000000000001f554                _exit
 .text.startup.main
                0x000000000001f558      0x284 CMakeFiles/main.dir/main.c.o
                0x000000000001f558                main
 .text.SystemInit
                0x000000000001f7dc      0x2b0 CMakeFiles/main.dir/usr/local/lib/nrfsdk/components/toolchain/system_nrf52.c.o
                0x000000000001f7dc                SystemInit
 .text          0x000000000001fa8c       0x3c CMakeFiles/main.dir/usr/local/lib/nrfsdk/components/toolchain/gcc/gcc_startup_nrf52.S.o
                0x000000000001fa8c                Reset_Handler
                0x000000000001fab4                NMI_Handler
                0x000000000001fab6                HardFault_Handler
                0x000000000001fab8                MemoryManagement_Handler
                0x000000000001faba                BusFault_Handler
                0x000000000001fabc                UsageFault_Handler
                0x000000000001fabe                SVC_Handler
                0x000000000001fac0                DebugMon_Handler
                0x000000000001fac2                PendSV_Handler
                0x000000000001fac4                SysTick_Handler
                0x000000000001fac6                FPU_IRQHandler
                0x000000000001fac6                SPIM0_SPIS0_TWIM0_TWIS0_SPI0_TWI0_IRQHandler
                0x000000000001fac6                UARTE0_UART0_IRQHandler
                0x000000000001fac6                TIMER4_IRQHandler
                0x000000000001fac6                I2S_IRQHandler
                0x000000000001fac6                SWI4_EGU4_IRQHandler
                0x000000000001fac6                TIMER0_IRQHandler
                0x000000000001fac6                TIMER1_IRQHandler
                0x000000000001fac6                PWM2_IRQHandler
                0x000000000001fac6                ECB_IRQHandler
                0x000000000001fac6                SPIM1_SPIS1_TWIM1_TWIS1_SPI1_TWI1_IRQHandler
                0x000000000001fac6                Default_Handler
                0x000000000001fac6                SAADC_IRQHandler
                0x000000000001fac6                CCM_AAR_IRQHandler
                0x000000000001fac6                WDT_IRQHandler
                0x000000000001fac6                SWI5_EGU5_IRQHandler
                0x000000000001fac6                RNG_IRQHandler
                0x000000000001fac6                RTC2_IRQHandler
                0x000000000001fac6                PWM0_IRQHandler
                0x000000000001fac6                SWI3_EGU3_IRQHandler
                0x000000000001fac6                SWI1_EGU1_IRQHandler
                0x000000000001fac6                SPIM2_SPIS2_SPI2_IRQHandler
                0x000000000001fac6                NFCT_IRQHandler
                0x000000000001fac6                MWU_IRQHandler
                0x000000000001fac6                TIMER2_IRQHandler
                0x000000000001fac6                COMP_LPCOMP_IRQHandler
                0x000000000001fac6                RTC0_IRQHandler
                0x000000000001fac6                SWI2_EGU2_IRQHandler
                0x000000000001fac6                GPIOTE_IRQHandler
                0x000000000001fac6                PWM1_IRQHandler
                0x000000000001fac6                RADIO_IRQHandler
                0x000000000001fac6                PDM_IRQHandler
                0x000000000001fac6                TEMP_IRQHandler
                0x000000000001fac6                QDEC_IRQHandler
                0x000000000001fac6                TIMER3_IRQHandler
 .text.app_error_handler_bare
                0x000000000001fac8       0x20 CMakeFiles/main.dir/usr/local/lib/nrfsdk/components/libraries/util/app_error.c.o
                0x000000000001fac8                app_error_handler_bare
 .text.app_error_fault_handler
                0x000000000001fae8       0x24 CMakeFiles/main.dir/usr/local/lib/nrfsdk/components/libraries/util/app_error_weak.c.o
                0x000000000001fae8                app_error_fault_handler
 .text.RTC1_IRQHandler
                0x000000000001fb0c       0xc4 CMakeFiles/main.dir/usr/local/lib/nrfsdk/components/libraries/timer/app_timer.c.o
                0x000000000001fb0c                RTC1_IRQHandler
 .text.SWI0_EGU0_IRQHandler
                0x000000000001fbd0      0x654 CMakeFiles/main.dir/usr/local/lib/nrfsdk/components/libraries/timer/app_timer.c.o
                0x000000000001fbd0                SWI0_EGU0_IRQHandler
 .text.POWER_CLOCK_IRQHandler
                0x0000000000020224       0x78 CMakeFiles/main.dir/usr/local/lib/nrfsdk/components/drivers_nrf/clock/nrf_drv_clock.c.o
                0x0000000000020224                POWER_CLOCK_IRQHandler
 *(.init)
 .init          0x000000000002029c        0x4 /opt/homebrew-cask/Caskroom/gcc-arm-embedded/5_4-2016q2,20160622/gcc-arm-none-eabi-5_4-2016q2/bin/../lib/gcc/arm-none-eabi/5.4.1/armv7e-m/fpu/crti.o
                0x000000000002029c                _init
 .init          0x00000000000202a0        0x8 /opt/homebrew-cask/Caskroom/gcc-arm-embedded/5_4-2016q2,20160622/gcc-arm-none-eabi-5_4-2016q2/bin/../lib/gcc/arm-none-eabi/5.4.1/armv7e-m/fpu/crtn.o
 *(.fini)
 .fini          0x00000000000202a8        0x4 /opt/homebrew-cask/Caskroom/gcc-arm-embedded/5_4-2016q2,20160622/gcc-arm-none-eabi-5_4-2016q2/bin/../lib/gcc/arm-none-eabi/5.4.1/armv7e-m/fpu/crti.o
                0x00000000000202a8                _fini
 .fini          0x00000000000202ac        0x8 /opt/homebrew-cask/Caskroom/gcc-arm-embedded/5_4-2016q2,20160622/gcc-arm-none-eabi-5_4-2016q2/bin/../lib/gcc/arm-none-eabi/5.4.1/armv7e-m/fpu/crtn.o
 *crtbegin.o(.ctors)
 *crtbegin?.o(.ctors)
 *(EXCLUDE_FILE(*crtend.o *crtend?.o) .ctors)
 *(SORT(.ctors.*))
 *(.ctors)
 *crtbegin.o(.dtors)
 *crtbegin?.o(.dtors)
 *(EXCLUDE_FILE(*crtend.o *crtend?.o) .dtors)
 *(SORT(.dtors.*))
 *(.dtors)
 *(.rodata*)
 .rodata.str1.1
                0x00000000000202b4        0x2 /opt/homebrew-cask/Caskroom/gcc-arm-embedded/5_4-2016q2,20160622/gcc-arm-none-eabi-5_4-2016q2/bin/../lib/gcc/arm-none-eabi/5.4.1/../../../../arm-none-eabi/lib/armv7e-m/fpu/libc_nano.a(lib_a-impure.o)
 *fill*         0x00000000000202b6        0x2 
 .rodata._global_impure_ptr
                0x00000000000202b8        0x4 /opt/homebrew-cask/Caskroom/gcc-arm-embedded/5_4-2016q2,20160622/gcc-arm-none-eabi-5_4-2016q2/bin/../lib/gcc/arm-none-eabi/5.4.1/../../../../arm-none-eabi/lib/armv7e-m/fpu/libc_nano.a(lib_a-impure.o)
                0x00000000000202b8                _global_impure_ptr
 *(.eh_frame*)
 .eh_frame      0x00000000000202bc        0x0 /opt/homebrew-cask/Caskroom/gcc-arm-embedded/5_4-2016q2,20160622/gcc-arm-none-eabi-5_4-2016q2/bin/../lib/gcc/arm-none-eabi/5.4.1/armv7e-m/fpu/crtbegin.o
 .eh_frame      0x00000000000202bc        0x4 /opt/homebrew-cask/Caskroom/gcc-arm-embedded/5_4-2016q2,20160622/gcc-arm-none-eabi-5_4-2016q2/bin/../lib/gcc/arm-none-eabi/5.4.1/armv7e-m/fpu/crtend.o

.glue_7         0x00000000000202c0        0x0
 .glue_7        0x00000000000202c0        0x0 linker stubs

.glue_7t        0x00000000000202c0        0x0
 .glue_7t       0x00000000000202c0        0x0 linker stubs

.vfp11_veneer   0x00000000000202c0        0x0
 .vfp11_veneer  0x00000000000202c0        0x0 linker stubs

.v4_bx          0x00000000000202c0        0x0
 .v4_bx         0x00000000000202c0        0x0 linker stubs

.iplt           0x00000000000202c0        0x0
 .iplt          0x00000000000202c0        0x0 /opt/homebrew-cask/Caskroom/gcc-arm-embedded/5_4-2016q2,20160622/gcc-arm-none-eabi-5_4-2016q2/bin/../lib/gcc/arm-none-eabi/5.4.1/armv7e-m/fpu/crtbegin.o

.ARM.extab
 *(.ARM.extab* .gnu.linkonce.armextab.*)
                0x00000000000202c0                __exidx_start = .

.ARM.exidx      0x00000000000202c0        0x8
 *(.ARM.exidx* .gnu.linkonce.armexidx.*)
 .ARM.exidx     0x00000000000202c0        0x8 /opt/homebrew-cask/Caskroom/gcc-arm-embedded/5_4-2016q2,20160622/gcc-arm-none-eabi-5_4-2016q2/bin/../lib/gcc/arm-none-eabi/5.4.1/../../../../arm-none-eabi/lib/armv7e-m/fpu/crt0.o
                0x00000000000202c8                __exidx_end = .
                0x00000000000202c8                __etext = .

.rel.dyn        0x00000000000202c8        0x0
 .rel.iplt      0x00000000000202c8        0x0 /opt/homebrew-cask/Caskroom/gcc-arm-embedded/5_4-2016q2,20160622/gcc-arm-none-eabi-5_4-2016q2/bin/../lib/gcc/arm-none-eabi/5.4.1/armv7e-m/fpu/crtbegin.o

.data           0x00000000200013c8       0x70 load address 0x00000000000202c8
                0x00000000200013c8                __data_start__ = .
 *(vtable)
 *(.data*)
 .data.impure_data
                0x00000000200013c8       0x60 /opt/homebrew-cask/Caskroom/gcc-arm-embedded/5_4-2016q2,20160622/gcc-arm-none-eabi-5_4-2016q2/bin/../lib/gcc/arm-none-eabi/5.4.1/../../../../arm-none-eabi/lib/armv7e-m/fpu/libc_nano.a(lib_a-impure.o)
 .data.SystemCoreClock
                0x0000000020001428        0x4 CMakeFiles/main.dir/usr/local/lib/nrfsdk/components/toolchain/system_nrf52.c.o
                0x0000000020001428                SystemCoreClock
                0x000000002000142c                . = ALIGN (0x4)
                0x000000002000142c                PROVIDE (__preinit_array_start, .)
 *(.preinit_array)
                0x000000002000142c                PROVIDE (__preinit_array_end, .)
                0x000000002000142c                . = ALIGN (0x4)
                0x000000002000142c                PROVIDE (__init_array_start, .)
 *(SORT(.init_array.*))
 *(.init_array)
 .init_array    0x000000002000142c        0x4 /opt/homebrew-cask/Caskroom/gcc-arm-embedded/5_4-2016q2,20160622/gcc-arm-none-eabi-5_4-2016q2/bin/../lib/gcc/arm-none-eabi/5.4.1/armv7e-m/fpu/crtbegin.o
                0x0000000020001430                PROVIDE (__init_array_end, .)
                0x0000000020001430                . = ALIGN (0x4)
                [!provide]                        PROVIDE (__fini_array_start, .)
 *(SORT(.fini_array.*))
 *(.fini_array)
 .fini_array    0x0000000020001430        0x4 /opt/homebrew-cask/Caskroom/gcc-arm-embedded/5_4-2016q2,20160622/gcc-arm-none-eabi-5_4-2016q2/bin/../lib/gcc/arm-none-eabi/5.4.1/armv7e-m/fpu/crtbegin.o
                [!provide]                        PROVIDE (__fini_array_end, .)
 *(.jcr*)
 .jcr           0x0000000020001434        0x0 /opt/homebrew-cask/Caskroom/gcc-arm-embedded/5_4-2016q2,20160622/gcc-arm-none-eabi-5_4-2016q2/bin/../lib/gcc/arm-none-eabi/5.4.1/armv7e-m/fpu/crtbegin.o
 .jcr           0x0000000020001434        0x4 /opt/homebrew-cask/Caskroom/gcc-arm-embedded/5_4-2016q2,20160622/gcc-arm-none-eabi-5_4-2016q2/bin/../lib/gcc/arm-none-eabi/5.4.1/armv7e-m/fpu/crtend.o
                0x0000000020001438                . = ALIGN (0x4)
                0x0000000020001438                __data_end__ = .
LOAD /opt/homebrew-cask/Caskroom/gcc-arm-embedded/5_4-2016q2,20160622/gcc-arm-none-eabi-5_4-2016q2/bin/../lib/gcc/arm-none-eabi/5.4.1/armv7e-m/fpu/crti.o
LOAD /opt/homebrew-cask/Caskroom/gcc-arm-embedded/5_4-2016q2,20160622/gcc-arm-none-eabi-5_4-2016q2/bin/../lib/gcc/arm-none-eabi/5.4.1/armv7e-m/fpu/crtbegin.o
LOAD /opt/homebrew-cask/Caskroom/gcc-arm-embedded/5_4-2016q2,20160622/gcc-arm-none-eabi-5_4-2016q2/bin/../lib/gcc/arm-none-eabi/5.4.1/../../../../arm-none-eabi/lib/armv7e-m/fpu/crt0.o
LOAD /opt/homebrew-cask/Caskroom/gcc-arm-embedded/5_4-2016q2,20160622/gcc-arm-none-eabi-5_4-2016q2/bin/../lib/gcc/arm-none-eabi/5.4.1/../../../../arm-none-eabi/lib/armv7e-m/fpu/libc_nano.a
LOAD /opt/homebrew-cask/Caskroom/gcc-arm-embedded/5_4-2016q2,20160622/gcc-arm-none-eabi-5_4-2016q2/bin/../lib/gcc/arm-none-eabi/5.4.1/../../../../arm-none-eabi/lib/armv7e-m/fpu/libnosys.a
LOAD /opt/homebrew-cask/Caskroom/gcc-arm-embedded/5_4-2016q2,20160622/gcc-arm-none-eabi-5_4-2016q2/bin/../lib/gcc/arm-none-eabi/5.4.1/../../../../arm-none-eabi/lib/armv7e-m/fpu/libm.a
LOAD CMakeFiles/main.dir/main.c.o
LOAD CMakeFiles/main.dir/usr/local/lib/nrfsdk/components/toolchain/system_nrf52.c.o
LOAD CMakeFiles/main.dir/usr/local/lib/nrfsdk/components/toolchain/gcc/gcc_startup_nrf52.S.o
LOAD CMakeFiles/main.dir/usr/local/lib/nrfsdk/components/libraries/util/app_error.c.o
LOAD CMakeFiles/main.dir/usr/local/lib/nrfsdk/components/libraries/util/app_error_weak.c.o
LOAD CMakeFiles/main.dir/usr/local/lib/nrfsdk/components/libraries/fifo/app_fifo.c.o
LOAD CMakeFiles/main.dir/usr/local/lib/nrfsdk/components/libraries/timer/app_timer.c.o
LOAD CMakeFiles/main.dir/usr/local/lib/nrfsdk/components/libraries/util/app_util_platform.c.o
LOAD CMakeFiles/main.dir/usr/local/lib/nrfsdk/components/libraries/hardfault/hardfault_implementation.c.o
LOAD CMakeFiles/main.dir/usr/local/lib/nrfsdk/components/libraries/util/nrf_assert.c.o
LOAD CMakeFiles/main.dir/usr/local/lib/nrfsdk/components/drivers_nrf/clock/nrf_drv_clock.c.o
LOAD CMakeFiles/main.dir/usr/local/lib/nrfsdk/components/drivers_nrf/common/nrf_drv_common.c.o
LOAD CMakeFiles/main.dir/usr/local/lib/nrfsdk/components/drivers_nrf/nrf_soc_nosd/nrf_nvic.c.o
LOAD CMakeFiles/main.dir/usr/local/lib/nrfsdk/components/drivers_nrf/nrf_soc_nosd/nrf_soc.c.o
START GROUP
LOAD /opt/homebrew-cask/Caskroom/gcc-arm-embedded/5_4-2016q2,20160622/gcc-arm-none-eabi-5_4-2016q2/bin/../lib/gcc/arm-none-eabi/5.4.1/armv7e-m/fpu/libgcc.a
LOAD /opt/homebrew-cask/Caskroom/gcc-arm-embedded/5_4-2016q2,20160622/gcc-arm-none-eabi-5_4-2016q2/bin/../lib/gcc/arm-none-eabi/5.4.1/../../../../arm-none-eabi/lib/armv7e-m/fpu/libg_nano.a
LOAD /opt/homebrew-cask/Caskroom/gcc-arm-embedded/5_4-2016q2,20160622/gcc-arm-none-eabi-5_4-2016q2/bin/../lib/gcc/arm-none-eabi/5.4.1/../../../../arm-none-eabi/lib/armv7e-m/fpu/libc_nano.a
END GROUP
START GROUP
LOAD /opt/homebrew-cask/Caskroom/gcc-arm-embedded/5_4-2016q2,20160622/gcc-arm-none-eabi-5_4-2016q2/bin/../lib/gcc/arm-none-eabi/5.4.1/armv7e-m/fpu/libgcc.a
LOAD /opt/homebrew-cask/Caskroom/gcc-arm-embedded/5_4-2016q2,20160622/gcc-arm-none-eabi-5_4-2016q2/bin/../lib/gcc/arm-none-eabi/5.4.1/../../../../arm-none-eabi/lib/armv7e-m/fpu/libc_nano.a
END GROUP
LOAD /opt/homebrew-cask/Caskroom/gcc-arm-embedded/5_4-2016q2,20160622/gcc-arm-none-eabi-5_4-2016q2/bin/../lib/gcc/arm-none-eabi/5.4.1/armv7e-m/fpu/crtend.o
LOAD /opt/homebrew-cask/Caskroom/gcc-arm-embedded/5_4-2016q2,20160622/gcc-arm-none-eabi-5_4-2016q2/bin/../lib/gcc/arm-none-eabi/5.4.1/armv7e-m/fpu/crtn.o
START GROUP
LOAD /opt/homebrew-cask/Caskroom/gcc-arm-embedded/5_4-2016q2,20160622/gcc-arm-none-eabi-5_4-2016q2/bin/../lib/gcc/arm-none-eabi/5.4.1/armv7e-m/fpu/libgcc.a
LOAD /opt/homebrew-cask/Caskroom/gcc-arm-embedded/5_4-2016q2,20160622/gcc-arm-none-eabi-5_4-2016q2/bin/../lib/gcc/arm-none-eabi/5.4.1/../../../../arm-none-eabi/lib/armv7e-m/fpu/libc.a
LOAD /opt/homebrew-cask/Caskroom/gcc-arm-embedded/5_4-2016q2,20160622/gcc-arm-none-eabi-5_4-2016q2/bin/../lib/gcc/arm-none-eabi/5.4.1/../../../../arm-none-eabi/lib/armv7e-m/fpu/libnosys.a
END GROUP

.igot.plt       0x0000000020001438        0x0 load address 0x0000000000020338
 .igot.plt      0x0000000020001438        0x0 /opt/homebrew-cask/Caskroom/gcc-arm-embedded/5_4-2016q2,20160622/gcc-arm-none-eabi-5_4-2016q2/bin/../lib/gcc/arm-none-eabi/5.4.1/armv7e-m/fpu/crtbegin.o

.fs_data        0x0000000020001438        0x0
                [!provide]                        PROVIDE (__start_fs_data, .)
 *(.fs_data)
                [!provide]                        PROVIDE (__stop_fs_data, .)

.bss            0x0000000020001438       0x54 load address 0x0000000000020338
                0x0000000020001438                . = ALIGN (0x4)
                0x0000000020001438                __bss_start__ = .
 *(.bss*)
 .bss           0x0000000020001438       0x1c /opt/homebrew-cask/Caskroom/gcc-arm-embedded/5_4-2016q2,20160622/gcc-arm-none-eabi-5_4-2016q2/bin/../lib/gcc/arm-none-eabi/5.4.1/armv7e-m/fpu/crtbegin.o
 .bss.m_ticks_latest
                0x0000000020001454        0x4 CMakeFiles/main.dir/usr/local/lib/nrfsdk/components/libraries/timer/app_timer.c.o
 .bss.mp_timer_id_head
                0x0000000020001458        0x4 CMakeFiles/main.dir/usr/local/lib/nrfsdk/components/libraries/timer/app_timer.c.o
 .bss.m_evt_schedule_func
                0x000000002000145c        0x4 CMakeFiles/main.dir/usr/local/lib/nrfsdk/components/libraries/timer/app_timer.c.o
 .bss.m_ticks_elapsed_q_read_ind
                0x0000000020001460        0x1 CMakeFiles/main.dir/usr/local/lib/nrfsdk/components/libraries/timer/app_timer.c.o
 .bss.m_ticks_elapsed_q_write_ind
                0x0000000020001461        0x1 CMakeFiles/main.dir/usr/local/lib/nrfsdk/components/libraries/timer/app_timer.c.o
 .bss.m_rtc1_reset
                0x0000000020001462        0x1 CMakeFiles/main.dir/usr/local/lib/nrfsdk/components/libraries/timer/app_timer.c.o
 *fill*         0x0000000020001463        0x1 
 .bss.m_op_queue
                0x0000000020001464        0x8 CMakeFiles/main.dir/usr/local/lib/nrfsdk/components/libraries/timer/app_timer.c.o
 .bss.m_ticks_elapsed
                0x000000002000146c        0x8 CMakeFiles/main.dir/usr/local/lib/nrfsdk/components/libraries/timer/app_timer.c.o
 .bss.m_rtc1_running
                0x0000000020001474        0x1 CMakeFiles/main.dir/usr/local/lib/nrfsdk/components/libraries/timer/app_timer.c.o
 *fill*         0x0000000020001475        0x3 
 .bss.m_clock_cb
                0x0000000020001478       0x14 CMakeFiles/main.dir/usr/local/lib/nrfsdk/components/drivers_nrf/clock/nrf_drv_clock.c.o
 *(COMMON)
                0x000000002000148c                . = ALIGN (0x4)
                0x000000002000148c                __bss_end__ = .

.heap           0x0000000020001490     0x2000
                0x0000000020001490                __HeapBase = .
                0x0000000020001490                __end__ = .
                [!provide]                        PROVIDE (end, .)
 *(.heap*)
 .heap          0x0000000020001490     0x2000 CMakeFiles/main.dir/usr/local/lib/nrfsdk/components/toolchain/gcc/gcc_startup_nrf52.S.o
                0x0000000020003490                __HeapLimit = .

.stack_dummy    0x0000000020001490     0x2000
 *(.stack*)
 .stack         0x0000000020001490     0x2000 CMakeFiles/main.dir/usr/local/lib/nrfsdk/components/toolchain/gcc/gcc_startup_nrf52.S.o
                0x0000000020010000                __StackTop = (ORIGIN (RAM) + LENGTH (RAM))
                0x000000002000e000                __StackLimit = (__StackTop - SIZEOF (.stack_dummy))
                0x0000000020010000                PROVIDE (__stack, __StackTop)
                0x0000000000000001                ASSERT ((__StackLimit >= __HeapLimit), region RAM overflowed with stack)
OUTPUT(build.out elf32-littlearm)

.ARM.attributes
                0x0000000000000000       0x30
 .ARM.attributes
                0x0000000000000000       0x22 /opt/homebrew-cask/Caskroom/gcc-arm-embedded/5_4-2016q2,20160622/gcc-arm-none-eabi-5_4-2016q2/bin/../lib/gcc/arm-none-eabi/5.4.1/armv7e-m/fpu/crti.o
 .ARM.attributes
                0x0000000000000022       0x34 /opt/homebrew-cask/Caskroom/gcc-arm-embedded/5_4-2016q2,20160622/gcc-arm-none-eabi-5_4-2016q2/bin/../lib/gcc/arm-none-eabi/5.4.1/armv7e-m/fpu/crtbegin.o
 .ARM.attributes
                0x0000000000000056       0x20 /opt/homebrew-cask/Caskroom/gcc-arm-embedded/5_4-2016q2,20160622/gcc-arm-none-eabi-5_4-2016q2/bin/../lib/gcc/arm-none-eabi/5.4.1/../../../../arm-none-eabi/lib/armv7e-m/fpu/crt0.o
 .ARM.attributes
                0x0000000000000076       0x34 /opt/homebrew-cask/Caskroom/gcc-arm-embedded/5_4-2016q2,20160622/gcc-arm-none-eabi-5_4-2016q2/bin/../lib/gcc/arm-none-eabi/5.4.1/../../../../arm-none-eabi/lib/armv7e-m/fpu/libc_nano.a(lib_a-exit.o)
 .ARM.attributes
                0x00000000000000aa       0x34 /opt/homebrew-cask/Caskroom/gcc-arm-embedded/5_4-2016q2,20160622/gcc-arm-none-eabi-5_4-2016q2/bin/../lib/gcc/arm-none-eabi/5.4.1/../../../../arm-none-eabi/lib/armv7e-m/fpu/libc_nano.a(lib_a-impure.o)
 .ARM.attributes
                0x00000000000000de       0x34 /opt/homebrew-cask/Caskroom/gcc-arm-embedded/5_4-2016q2,20160622/gcc-arm-none-eabi-5_4-2016q2/bin/../lib/gcc/arm-none-eabi/5.4.1/../../../../arm-none-eabi/lib/armv7e-m/fpu/libc_nano.a(lib_a-init.o)
 .ARM.attributes
                0x0000000000000112       0x34 /opt/homebrew-cask/Caskroom/gcc-arm-embedded/5_4-2016q2,20160622/gcc-arm-none-eabi-5_4-2016q2/bin/../lib/gcc/arm-none-eabi/5.4.1/../../../../arm-none-eabi/lib/armv7e-m/fpu/libc_nano.a(lib_a-memset.o)
 .ARM.attributes
                0x0000000000000146       0x34 /opt/homebrew-cask/Caskroom/gcc-arm-embedded/5_4-2016q2,20160622/gcc-arm-none-eabi-5_4-2016q2/bin/../lib/gcc/arm-none-eabi/5.4.1/../../../../arm-none-eabi/lib/armv7e-m/fpu/libnosys.a(_exit.o)
 .ARM.attributes
                0x000000000000017a       0x39 CMakeFiles/main.dir/main.c.o
 .ARM.attributes
                0x00000000000001b3       0x39 CMakeFiles/main.dir/usr/local/lib/nrfsdk/components/toolchain/system_nrf52.c.o
 .ARM.attributes
                0x00000000000001ec       0x1c CMakeFiles/main.dir/usr/local/lib/nrfsdk/components/toolchain/gcc/gcc_startup_nrf52.S.o
 .ARM.attributes
                0x0000000000000208       0x39 CMakeFiles/main.dir/usr/local/lib/nrfsdk/components/libraries/util/app_error.c.o
 .ARM.attributes
                0x0000000000000241       0x39 CMakeFiles/main.dir/usr/local/lib/nrfsdk/components/libraries/util/app_error_weak.c.o
 .ARM.attributes
                0x000000000000027a       0x39 CMakeFiles/main.dir/usr/local/lib/nrfsdk/components/libraries/timer/app_timer.c.o
 .ARM.attributes
                0x00000000000002b3       0x39 CMakeFiles/main.dir/usr/local/lib/nrfsdk/components/drivers_nrf/clock/nrf_drv_clock.c.o
 .ARM.attributes
                0x00000000000002ec       0x34 /opt/homebrew-cask/Caskroom/gcc-arm-embedded/5_4-2016q2,20160622/gcc-arm-none-eabi-5_4-2016q2/bin/../lib/gcc/arm-none-eabi/5.4.1/armv7e-m/fpu/crtend.o
 .ARM.attributes
                0x0000000000000320       0x22 /opt/homebrew-cask/Caskroom/gcc-arm-embedded/5_4-2016q2,20160622/gcc-arm-none-eabi-5_4-2016q2/bin/../lib/gcc/arm-none-eabi/5.4.1/armv7e-m/fpu/crtn.o

.comment        0x0000000000000000       0x6e
 .comment       0x0000000000000000       0x6e CMakeFiles/main.dir/main.c.o
                                         0x6f (size before relaxing)
 .comment       0x000000000000006e       0x6f CMakeFiles/main.dir/usr/local/lib/nrfsdk/components/toolchain/system_nrf52.c.o
 .comment       0x000000000000006e       0x6f CMakeFiles/main.dir/usr/local/lib/nrfsdk/components/libraries/util/app_error.c.o
 .comment       0x000000000000006e       0x6f CMakeFiles/main.dir/usr/local/lib/nrfsdk/components/libraries/util/app_error_weak.c.o
 .comment       0x000000000000006e       0x6f CMakeFiles/main.dir/usr/local/lib/nrfsdk/components/libraries/timer/app_timer.c.o
 .comment       0x000000000000006e       0x6f CMakeFiles/main.dir/usr/local/lib/nrfsdk/components/drivers_nrf/clock/nrf_drv_clock.c.o

.debug_frame

.debug_info

.debug_abbrev

.debug_loc

.debug_aranges

.debug_ranges

.debug_macro

.debug_line

.debug_str
